ERC report (2026-08-06T21:16:23, Encoding UTF8)
Report includes: Errors

***** Sheet /
[power_pin_not_driven]: Input Power pin not driven by any Output Power pins
    ; error
    @(950 mils, 6800 mils): Symbol U1 Pin 1 [VIN, Power input, Line]
[pin_not_driven]: Input pin not driven by any Output pins
    ; error
    @(2800 mils, 1900 mils): Symbol U4 Pin 3 [RXD, Input, Line]
[pin_to_pin]: Pins of type Power output and Power output are connected
    ; error
    @(3050 mils, 7000 mils): Symbol U3 Pin 2 [VO, Power output, Line]
    @(3200 mils, 2200 mils): Symbol U4 Pin 4 [V3, Power output, Line]
[pin_not_connected]: Pin not connected
    ; error
    @(5800 mils, 3050 mils): Symbol U8 Pin 39 [IO1, Unspecified, Line]

 ** ERC messages: 4  Errors 4  Warnings 0

 ** Ignored checks:
    - Global label only appears once in the schematic
    - Four connection points are joined together
    - SPICE model issue
    - Assigned footprint doesn't match footprint filters
